current directory: /Users/macbook/Documents/GitHub/muzive/Muzive/vendor/bundle/ruby/2.7.0/gems/bigdecimal-4.0.1/ext/bigdecimal
/Users/macbook/.rbenv/versions/2.7.5/bin/ruby -I /Users/macbook/.rbenv/versions/2.7.5/lib/ruby/2.7.0 -r ./siteconf20260206-73704-1eafy9r.rb extconf.rb
checking for __builtin_clz()... yes
checking for __builtin_clzl()... yes
checking for __builtin_clzll()... yes
checking for float.h... yes
checking for math.h... yes
checking for stdbool.h... yes
checking for stdlib.h... yes
checking for x86intrin.h... yes
checking for _lzcnt_u32() in x86intrin.h... yes
checking for _lzcnt_u64() in x86intrin.h... yes
checking for intrin.h... no
checking for ruby/atomic.h... no
checking for ruby/internal/has/builtin.h... no
checking for ruby/internal/static_assert.h... no
checking for rb_complex_real() in ruby.h... yes
checking for rb_complex_imag() in ruby.h... yes
checking for rb_opts_exception_p() in ruby.h... yes
checking for rb_category_warn() in ruby.h... no
checking for RB_WARN_CATEGORY_DEPRECATED in ruby.h... no
creating Makefile

current directory: /Users/macbook/Documents/GitHub/muzive/Muzive/vendor/bundle/ruby/2.7.0/gems/bigdecimal-4.0.1/ext/bigdecimal
make "DESTDIR=" clean

current directory: /Users/macbook/Documents/GitHub/muzive/Muzive/vendor/bundle/ruby/2.7.0/gems/bigdecimal-4.0.1/ext/bigdecimal
make "DESTDIR="
compiling bigdecimal.c
compiling missing.c
linking shared-object bigdecimal.bundle

current directory: /Users/macbook/Documents/GitHub/muzive/Muzive/vendor/bundle/ruby/2.7.0/gems/bigdecimal-4.0.1/ext/bigdecimal
make "DESTDIR=" install
/usr/bin/install -c -m 0755 bigdecimal.bundle ./.gem.20260206-73704-478d97
