have_func: checking for rb_enc_interned_str() in ruby/encoding.h... -------------------- no

"clang -o conftest -I/Users/macbook/.rbenv/versions/2.7.5/include/ruby-2.7.0/x86_64-darwin23 -I/Users/macbook/.rbenv/versions/2.7.5/include/ruby-2.7.0/ruby/backward -I/Users/macbook/.rbenv/versions/2.7.5/include/ruby-2.7.0 -I. -D_XOPEN_SOURCE -D_DARWIN_C_SOURCE -D_DARWIN_UNLIMITED_SELECT -D_REENTRANT   -g -O2 -fno-common -pipe conftest.c  -L. -L/Users/macbook/.rbenv/versions/2.7.5/lib -L. -fstack-protector-strong -L/usr/local/lib     -lruby.2.7   "
checked program was:
/* begin */
1: #include "ruby.h"
2: 
3: int main(int argc, char **argv)
4: {
5:   return !!argv[argc];
6: }
/* end */

"clang -o conftest -I/Users/macbook/.rbenv/versions/2.7.5/include/ruby-2.7.0/x86_64-darwin23 -I/Users/macbook/.rbenv/versions/2.7.5/include/ruby-2.7.0/ruby/backward -I/Users/macbook/.rbenv/versions/2.7.5/include/ruby-2.7.0 -I. -D_XOPEN_SOURCE -D_DARWIN_C_SOURCE -D_DARWIN_UNLIMITED_SELECT -D_REENTRANT   -g -O2 -fno-common -pipe conftest.c  -L. -L/Users/macbook/.rbenv/versions/2.7.5/lib -L. -fstack-protector-strong -L/usr/local/lib     -lruby.2.7   "
conftest.c:16:57: error: use of undeclared identifier 'rb_enc_interned_str'
   16 | int t(void) { void ((*volatile p)()); p = (void ((*)()))rb_enc_interned_str; return !p; }
      |                                                         ^
1 error generated.
checked program was:
/* begin */
 1: #include "ruby.h"
 2: 
 3: #include <ruby/encoding.h>
 4: 
 5: /*top*/
 6: extern int t(void);
 7: int main(int argc, char **argv)
 8: {
 9:   if (argc > 1000000) {
10:     int (* volatile tp)(void)=(int (*)(void))&t;
11:     printf("%d", (*tp)());
12:   }
13: 
14:   return !!argv[argc];
15: }
16: int t(void) { void ((*volatile p)()); p = (void ((*)()))rb_enc_interned_str; return !p; }
/* end */

"clang -o conftest -I/Users/macbook/.rbenv/versions/2.7.5/include/ruby-2.7.0/x86_64-darwin23 -I/Users/macbook/.rbenv/versions/2.7.5/include/ruby-2.7.0/ruby/backward -I/Users/macbook/.rbenv/versions/2.7.5/include/ruby-2.7.0 -I. -D_XOPEN_SOURCE -D_DARWIN_C_SOURCE -D_DARWIN_UNLIMITED_SELECT -D_REENTRANT   -g -O2 -fno-common -pipe conftest.c  -L. -L/Users/macbook/.rbenv/versions/2.7.5/lib -L. -fstack-protector-strong -L/usr/local/lib     -lruby.2.7   "
Undefined symbols for architecture x86_64:
  "_rb_enc_interned_str", referenced from:
      _t in conftest-be599e.o
ld: symbol(s) not found for architecture x86_64
clang: error: linker command failed with exit code 1 (use -v to see invocation)
checked program was:
/* begin */
 1: #include "ruby.h"
 2: 
 3: #include <ruby/encoding.h>
 4: 
 5: /*top*/
 6: extern int t(void);
 7: int main(int argc, char **argv)
 8: {
 9:   if (argc > 1000000) {
10:     int (* volatile tp)(void)=(int (*)(void))&t;
11:     printf("%d", (*tp)());
12:   }
13: 
14:   return !!argv[argc];
15: }
16: extern void rb_enc_interned_str();
17: int t(void) { rb_enc_interned_str(); return 0; }
/* end */

--------------------

have_func: checking for rb_str_to_interned_str() in ruby.h... -------------------- no

"clang -o conftest -I/Users/macbook/.rbenv/versions/2.7.5/include/ruby-2.7.0/x86_64-darwin23 -I/Users/macbook/.rbenv/versions/2.7.5/include/ruby-2.7.0/ruby/backward -I/Users/macbook/.rbenv/versions/2.7.5/include/ruby-2.7.0 -I. -D_XOPEN_SOURCE -D_DARWIN_C_SOURCE -D_DARWIN_UNLIMITED_SELECT -D_REENTRANT   -g -O2 -fno-common -pipe conftest.c  -L. -L/Users/macbook/.rbenv/versions/2.7.5/lib -L. -fstack-protector-strong -L/usr/local/lib     -lruby.2.7   "
conftest.c:16:57: error: use of undeclared identifier 'rb_str_to_interned_str'
   16 | int t(void) { void ((*volatile p)()); p = (void ((*)()))rb_str_to_interned_str; return !p; }
      |                                                         ^
1 error generated.
checked program was:
/* begin */
 1: #include "ruby.h"
 2: 
 3: #include <ruby.h>
 4: 
 5: /*top*/
 6: extern int t(void);
 7: int main(int argc, char **argv)
 8: {
 9:   if (argc > 1000000) {
10:     int (* volatile tp)(void)=(int (*)(void))&t;
11:     printf("%d", (*tp)());
12:   }
13: 
14:   return !!argv[argc];
15: }
16: int t(void) { void ((*volatile p)()); p = (void ((*)()))rb_str_to_interned_str; return !p; }
/* end */

"clang -o conftest -I/Users/macbook/.rbenv/versions/2.7.5/include/ruby-2.7.0/x86_64-darwin23 -I/Users/macbook/.rbenv/versions/2.7.5/include/ruby-2.7.0/ruby/backward -I/Users/macbook/.rbenv/versions/2.7.5/include/ruby-2.7.0 -I. -D_XOPEN_SOURCE -D_DARWIN_C_SOURCE -D_DARWIN_UNLIMITED_SELECT -D_REENTRANT   -g -O2 -fno-common -pipe conftest.c  -L. -L/Users/macbook/.rbenv/versions/2.7.5/lib -L. -fstack-protector-strong -L/usr/local/lib     -lruby.2.7   "
Undefined symbols for architecture x86_64:
  "_rb_str_to_interned_str", referenced from:
      _t in conftest-7b2034.o
ld: symbol(s) not found for architecture x86_64
clang: error: linker command failed with exit code 1 (use -v to see invocation)
checked program was:
/* begin */
 1: #include "ruby.h"
 2: 
 3: #include <ruby.h>
 4: 
 5: /*top*/
 6: extern int t(void);
 7: int main(int argc, char **argv)
 8: {
 9:   if (argc > 1000000) {
10:     int (* volatile tp)(void)=(int (*)(void))&t;
11:     printf("%d", (*tp)());
12:   }
13: 
14:   return !!argv[argc];
15: }
16: extern void rb_str_to_interned_str();
17: int t(void) { rb_str_to_interned_str(); return 0; }
/* end */

--------------------

have_func: checking for rb_hash_new_capa() in ruby.h... -------------------- no

"clang -o conftest -I/Users/macbook/.rbenv/versions/2.7.5/include/ruby-2.7.0/x86_64-darwin23 -I/Users/macbook/.rbenv/versions/2.7.5/include/ruby-2.7.0/ruby/backward -I/Users/macbook/.rbenv/versions/2.7.5/include/ruby-2.7.0 -I. -D_XOPEN_SOURCE -D_DARWIN_C_SOURCE -D_DARWIN_UNLIMITED_SELECT -D_REENTRANT   -g -O2 -fno-common -pipe conftest.c  -L. -L/Users/macbook/.rbenv/versions/2.7.5/lib -L. -fstack-protector-strong -L/usr/local/lib     -lruby.2.7   "
conftest.c:16:57: error: use of undeclared identifier 'rb_hash_new_capa'
   16 | int t(void) { void ((*volatile p)()); p = (void ((*)()))rb_hash_new_capa; return !p; }
      |                                                         ^
1 error generated.
checked program was:
/* begin */
 1: #include "ruby.h"
 2: 
 3: #include <ruby.h>
 4: 
 5: /*top*/
 6: extern int t(void);
 7: int main(int argc, char **argv)
 8: {
 9:   if (argc > 1000000) {
10:     int (* volatile tp)(void)=(int (*)(void))&t;
11:     printf("%d", (*tp)());
12:   }
13: 
14:   return !!argv[argc];
15: }
16: int t(void) { void ((*volatile p)()); p = (void ((*)()))rb_hash_new_capa; return !p; }
/* end */

"clang -o conftest -I/Users/macbook/.rbenv/versions/2.7.5/include/ruby-2.7.0/x86_64-darwin23 -I/Users/macbook/.rbenv/versions/2.7.5/include/ruby-2.7.0/ruby/backward -I/Users/macbook/.rbenv/versions/2.7.5/include/ruby-2.7.0 -I. -D_XOPEN_SOURCE -D_DARWIN_C_SOURCE -D_DARWIN_UNLIMITED_SELECT -D_REENTRANT   -g -O2 -fno-common -pipe conftest.c  -L. -L/Users/macbook/.rbenv/versions/2.7.5/lib -L. -fstack-protector-strong -L/usr/local/lib     -lruby.2.7   "
Undefined symbols for architecture x86_64:
  "_rb_hash_new_capa", referenced from:
      _t in conftest-00cb5d.o
ld: symbol(s) not found for architecture x86_64
clang: error: linker command failed with exit code 1 (use -v to see invocation)
checked program was:
/* begin */
 1: #include "ruby.h"
 2: 
 3: #include <ruby.h>
 4: 
 5: /*top*/
 6: extern int t(void);
 7: int main(int argc, char **argv)
 8: {
 9:   if (argc > 1000000) {
10:     int (* volatile tp)(void)=(int (*)(void))&t;
11:     printf("%d", (*tp)());
12:   }
13: 
14:   return !!argv[argc];
15: }
16: extern void rb_hash_new_capa();
17: int t(void) { rb_hash_new_capa(); return 0; }
/* end */

--------------------

have_func: checking for rb_hash_bulk_insert() in ruby.h... -------------------- yes

"clang -o conftest -I/Users/macbook/.rbenv/versions/2.7.5/include/ruby-2.7.0/x86_64-darwin23 -I/Users/macbook/.rbenv/versions/2.7.5/include/ruby-2.7.0/ruby/backward -I/Users/macbook/.rbenv/versions/2.7.5/include/ruby-2.7.0 -I. -D_XOPEN_SOURCE -D_DARWIN_C_SOURCE -D_DARWIN_UNLIMITED_SELECT -D_REENTRANT   -g -O2 -fno-common -pipe conftest.c  -L. -L/Users/macbook/.rbenv/versions/2.7.5/lib -L. -fstack-protector-strong -L/usr/local/lib     -lruby.2.7   "
checked program was:
/* begin */
 1: #include "ruby.h"
 2: 
 3: #include <ruby.h>
 4: 
 5: /*top*/
 6: extern int t(void);
 7: int main(int argc, char **argv)
 8: {
 9:   if (argc > 1000000) {
10:     int (* volatile tp)(void)=(int (*)(void))&t;
11:     printf("%d", (*tp)());
12:   }
13: 
14:   return !!argv[argc];
15: }
16: int t(void) { void ((*volatile p)()); p = (void ((*)()))rb_hash_bulk_insert; return !p; }
/* end */

--------------------

block in append_cflags: checking for whether -std=c99 is accepted as CFLAGS... -------------------- yes

"clang -I/Users/macbook/.rbenv/versions/2.7.5/include/ruby-2.7.0/x86_64-darwin23 -I/Users/macbook/.rbenv/versions/2.7.5/include/ruby-2.7.0/ruby/backward -I/Users/macbook/.rbenv/versions/2.7.5/include/ruby-2.7.0 -I. -D_XOPEN_SOURCE -D_DARWIN_C_SOURCE -D_DARWIN_UNLIMITED_SELECT -D_REENTRANT   -g -O2 -fno-common -pipe  -std=c99 -Werror -c conftest.c"
checked program was:
/* begin */
1: #include "ruby.h"
2: 
3: int main(int argc, char **argv)
4: {
5:   return !!argv[argc];
6: }
/* end */

--------------------

have_header: checking for x86intrin.h... -------------------- yes

"clang -E -I/Users/macbook/.rbenv/versions/2.7.5/include/ruby-2.7.0/x86_64-darwin23 -I/Users/macbook/.rbenv/versions/2.7.5/include/ruby-2.7.0/ruby/backward -I/Users/macbook/.rbenv/versions/2.7.5/include/ruby-2.7.0 -I. -D_XOPEN_SOURCE -D_DARWIN_C_SOURCE -D_DARWIN_UNLIMITED_SELECT -D_REENTRANT   -g -O2 -fno-common -pipe -std=c99  conftest.c -o conftest.i"
checked program was:
/* begin */
1: #include "ruby.h"
2: 
3: #include <x86intrin.h>
/* end */

--------------------

"clang -I/Users/macbook/.rbenv/versions/2.7.5/include/ruby-2.7.0/x86_64-darwin23 -I/Users/macbook/.rbenv/versions/2.7.5/include/ruby-2.7.0/ruby/backward -I/Users/macbook/.rbenv/versions/2.7.5/include/ruby-2.7.0 -I. -D_XOPEN_SOURCE -D_DARWIN_C_SOURCE -D_DARWIN_UNLIMITED_SELECT -D_REENTRANT   -g -O2 -fno-common -pipe -std=c99  -Werror=implicit-function-declaration -c conftest.c"
checked program was:
/* begin */
 1: #include "ruby.h"
 2: 
 3: #include <x86intrin.h>
 4: 
 5: int main(int argc, char **argv) {
 6:   __m128i test = _mm_set1_epi8(32);
 7:   if (__builtin_cpu_supports("sse2")) { printf("OK"); }
 8:   if (argc > 100000) printf("%p", &test);
 9:   return 0;
10: }
/* end */

have_header: checking for cpuid.h... -------------------- yes

"clang -E -I/Users/macbook/.rbenv/versions/2.7.5/include/ruby-2.7.0/x86_64-darwin23 -I/Users/macbook/.rbenv/versions/2.7.5/include/ruby-2.7.0/ruby/backward -I/Users/macbook/.rbenv/versions/2.7.5/include/ruby-2.7.0 -I. -D_XOPEN_SOURCE -D_DARWIN_C_SOURCE -D_DARWIN_UNLIMITED_SELECT -D_REENTRANT   -g -O2 -fno-common -pipe -std=c99  conftest.c -o conftest.i"
checked program was:
/* begin */
1: #include "ruby.h"
2: 
3: #include <cpuid.h>
/* end */

--------------------

